node:internal/modules/run_main:123
    triggerUncaughtException(
    ^

locator.click: Timeout 15000ms exceeded.
Call log:
[2m  - waiting for getByRole('button', { name: 'Save' }).last()[22m
[2m    - locator resolved to <button type="submit" sandboxuid="0" color="primary" mat-flat-button="" aria-disabled="true" cdk-describedby-host="ng-1" mat-ripple-loader-disabled="" jslog="146238;track:generic_click" mat-ripple-loader-uninitialized="sandbox0" mat-ripple-loader-class-name="mat-mdc-button-ripple" aria-describedby="_0rif_cdk-describedby-message-ng-1-3" class="mdc-button mat-mdc-button-base gmat-mdc-button mdc-button--unelevated mat-mdc-unelevated-button mat-primary mat-mdc-button-disabled-interactive cm-button cm-disa…>…</button>[22m
[2m  - attempting click action[22m
[2m    2 × waiting for element to be visible, enabled and stable[22m
[2m      - element is not enabled[22m
[2m    - retrying click action[22m
[2m    - waiting 20ms[22m
[2m    2 × waiting for element to be visible, enabled and stable[22m
[2m      - element is not enabled[22m
[2m    - retrying click action[22m
[2m      - waiting 100ms[22m
[2m    28 × waiting for element to be visible, enabled and stable[22m
[2m       - element is not enabled[22m
[2m     - retrying click action[22m
[2m       - waiting 500ms[22m

    at C:\Users\TONI\projects\social-commerce\tools\gcloud\add-uri-net.mjs:28:57 {
  log: [
    "  - waiting for getByRole('button', { name: 'Save' }).last()",
    '    - locator resolved to <button type="submit" sandboxuid="0" color="primary" mat-flat-button="" aria-disabled="true" cdk-describedby-host="ng-1" mat-ripple-loader-disabled="" jslog="146238;track:generic_click" mat-ripple-loader-uninitialized="sandbox0" mat-ripple-loader-class-name="mat-mdc-button-ripple" aria-describedby="_0rif_cdk-describedby-message-ng-1-3" class="mdc-button mat-mdc-button-base gmat-mdc-button mdc-button--unelevated mat-mdc-unelevated-button mat-primary mat-mdc-button-disabled-interactive cm-button cm-disa…>…</button>',
    '  - attempting click action',
    '    2 × waiting for element to be visible, enabled and stable',
    '      - element is not enabled',
    '    - retrying click action',
    '    - waiting 20ms',
    '    2 × waiting for element to be visible, enabled and stable',
    '      - element is not enabled',
    '    - retrying click action',
    '      - waiting 100ms',
    '    28 × waiting for element to be visible, enabled and stable',
    '       - element is not enabled',
    '     - retrying click action',
    '       - waiting 500ms'
  ],
  name: 'TimeoutError'
}

Node.js v20.19.4
